Archive member included because of file (symbol)

/cygdrive/c/Program Files/ARMDevEnv/bin/../lib/gcc-lib/arm-thumb-elf/3.3.2/libgcc.a(_udivsi3.o)
                              ./../uc-source/ucos_ii.o (__udivsi3)
/cygdrive/c/Program Files/ARMDevEnv/bin/../lib/gcc-lib/arm-thumb-elf/3.3.2/libgcc.a(_umodsi3.o)
                              ./../ports/drivers/uart.o (__umodsi3)
/cygdrive/c/Program Files/ARMDevEnv/bin/../lib/gcc-lib/arm-thumb-elf/3.3.2/libgcc.a(_dvmd_tls.o)
                              /cygdrive/c/Program Files/ARMDevEnv/bin/../lib/gcc-lib/arm-thumb-elf/3.3.2/libgcc.a(_udivsi3.o) (__div0)

Allocating common symbols
Common symbol       size              file

OSLockNesting       0x1               ./../uc-source/ucos_ii.o
OSRunning           0x1               ./../uc-source/ucos_ii.o
OSIdleCtr           0x4               ./../uc-source/ucos_ii.o
free_memory_blocks  0x4               malloc.o
OSPrioHighRdy       0x1               ./../uc-source/ucos_ii.o
OSFlagTbl           0xdc              ./../uc-source/ucos_ii.o
OSPrioCur           0x1               ./../uc-source/ucos_ii.o
OSTCBList           0x4               ./../uc-source/ucos_ii.o
OSMemTbl            0x104             ./../uc-source/ucos_ii.o
OSTickStepState     0x1               ./../uc-source/ucos_ii.o
OSTaskStatStk       0x200             ./../uc-source/ucos_ii.o
OSCtxSwCtr          0x4               ./../uc-source/ucos_ii.o
OSIdleCtrMax        0x4               ./../uc-source/ucos_ii.o
OSTCBFreeList       0x4               ./../uc-source/ucos_ii.o
global_stack_ptr    0x4               malloc.o
OSCPUUsage          0x1               ./../uc-source/ucos_ii.o
OSTaskCtr           0x1               ./../uc-source/ucos_ii.o
OSMemFreeList       0x4               ./../uc-source/ucos_ii.o
OSQTbl              0x60              ./../uc-source/ucos_ii.o
OSTCBHighRdy        0x4               ./../uc-source/ucos_ii.o
OSQFreeList         0x4               ./../uc-source/ucos_ii.o
OSRdyGrp            0x1               ./../uc-source/ucos_ii.o
InitTaskStk         0x7d0             main.o
OSRdyTbl            0x8               ./../uc-source/ucos_ii.o
heap_end            0x4               malloc.o
OSEventFreeList     0x4               ./../uc-source/ucos_ii.o
OSIntNesting        0x1               ./../uc-source/ucos_ii.o
OSTCBCur            0x4               ./../uc-source/ucos_ii.o
OSTime              0x4               ./../uc-source/ucos_ii.o
OSTaskIdleStk       0x200             ./../uc-source/ucos_ii.o
OSEventTbl          0x1e0             ./../uc-source/ucos_ii.o
OSTCBTbl            0x1110            ./../uc-source/ucos_ii.o
OSFlagFreeList      0x4               ./../uc-source/ucos_ii.o
OSStatRdy           0x1               ./../uc-source/ucos_ii.o
OSTCBPrioTbl        0x100             ./../uc-source/ucos_ii.o
OSIdleCtrRun        0x4               ./../uc-source/ucos_ii.o

Memory Configuration

Name             Origin             Length             Attributes
ram              0x40000000         0x00010000
rom              0x00000000         0x00020000
*default*        0x00000000         0xffffffff

Linker script and memory map

LOAD crt0.o
                0x00010000                __ram_size__ = 0x10000
                0x00000100                __STACK_SIZE_FIQ__ = 0x100
                0x00000100                __STACK_SIZE_IRQ__ = 0x100
                0x00000004                __STACK_SIZE_SUPERVISOR__ = 0x4
                0x00000004                __STACK_SIZE_ABORT__ = 0x4
                0x00000004                __STACK_SIZE_UNDEFINED__ = 0x4
                0x4000fdf0                __stack_end__ = (((((((0x40000000 + __ram_size__) - 0x4) - __STACK_SIZE_FIQ__) - __STACK_SIZE_IRQ__) - __STACK_SIZE_SUPERVISOR__) - __STACK_SIZE_ABORT__) - __STACK_SIZE_UNDEFINED__)
                0x4000fdf4                __stack_end_undefined__ = ((((((0x40000000 + __ram_size__) - 0x4) - __STACK_SIZE_FIQ__) - __STACK_SIZE_IRQ__) - __STACK_SIZE_SUPERVISOR__) - __STACK_SIZE_ABORT__)
                0x4000fdf8                __stack_end_abort__ = (((((0x40000000 + __ram_size__) - 0x4) - __STACK_SIZE_FIQ__) - __STACK_SIZE_IRQ__) - __STACK_SIZE_SUPERVISOR__)
                0x4000fdfc                __stack_end_supervisor__ = ((((0x40000000 + __ram_size__) - 0x4) - __STACK_SIZE_FIQ__) - __STACK_SIZE_IRQ__)
                0x4000fefc                __stack_end_irq__ = (((0x40000000 + __ram_size__) - 0x4) - __STACK_SIZE_FIQ__)
                0x4000fffc                __stack_end_fiq__ = ((0x40000000 + __ram_size__) - 0x4)
                0x40010000                __sp = 0x40010000

startup         0x40000000       0x3c
 *(.startup)
 .startup       0x40000000       0x3c crt0.o

.text           0x4000003c     0x5fec
                0x4000003c                __text_start = .
 *(EXCLUDE_FILE(*text.iwram*) .text)
 .text          0x4000003c      0x158 crt0.o
                0x400000f0                __disable_interrupts
                0x40000100                __enable_interrupts
                0x4000003c                _start
                0x400000ec                endless_loop
 .text          0x40000194      0x16c ./../ports/os_cpu_a.o
                0x40000194                OSStartHighRdy
                0x400001c4                OSCtxSw
                0x4000021c                OSIntCtxSw
                0x40000254                OS_CPU_IRQ_ISR
 .text          0x40000300      0x114 ./../ports/os_cpu_c.o
                0x40000308                OSTaskCreateHook
                0x40000314                OSTaskStatHook
                0x40000300                OSInitHookBegin
                0x4000030c                OSTaskDelHook
                0x40000410                OSTimeTickHook
                0x4000040c                OSTCBInitHook
                0x40000318                OSTaskStkInit
                0x40000304                OSInitHookEnd
                0x40000408                OSTaskSwHook
                0x40000310                OSTaskIdleHook
 .text          0x40000414     0x45a0 ./../uc-source/ucos_ii.o
                0x40002644                OS_MemInit
                0x4000498c                OSTimeSet
                0x40000574                OSIntEnter
                0x40001130                OS_TCBInit
                0x40003e74                OSTaskCreateExt
                0x400019e8                OSFlagPendGetFlagsRdy
                0x400012bc                OSFlagAccept
                0x40003218                OSQFlush
                0x40002f10                OSQAccept
                0x40003d88                OSTaskCreate
                0x40003bf8                OSTaskChangePrio
                0x40003f94                OSTaskDel
                0x400026d4                OSMutexAccept
                0x40000414                OSEventNameGet
                0x40002a00                OSMutexPend
                0x400005a4                OSIntExit
                0x40002884                OSMutexDel
                0x4000245c                OSMemNameGet
                0x400033a8                OSQPost
                0x40001da4                OS_FlagUnlink
                0x40000e54                OS_MemCopy
                0x40000e84                OS_Sched
                0x400023e8                OSMemGet
                0x40002264                OSMboxQuery
                0x400042e0                OSTaskNameSet
                0x4000395c                OSSemPend
                0x40002110                OSMboxPost
                0x40001ca8                OS_FlagInit
                0x4000373c                OSSemAccept
                0x40002564                OSMemPut
                0x40002300                OSMemCreate
                0x40000fe4                OS_TaskStat
                0x40000e24                OS_MemClr
                0x4000096c                OS_EventTaskRdy
                0x4000326c                OSQPend
                0x40004724                OSTimeDly
                0x4000479c                OSTimeDlyHMSM
                0x40003a50                OSSemPost
                0x400006e0                OSSchedUnlock
                0x400007e0                OSStatInit
                0x40001b90                OSFlagQuery
                0x40000968                OS_Dummy
                0x400004a4                OSEventNameSet
                0x40001a1c                OSFlagPost
                0x40000a38                OS_EventTaskWait
                0x400010bc                OS_TaskStatStkChk
                0x4000416c                OSTaskDelReq
                0x40002794                OSMutexCreate
                0x40000754                OSStart
                0x400043a4                OSTaskResume
                0x400025d0                OSMemQuery
                0x40003458                OSQPostFront
                0x40002fb0                OSQCreate
                0x40004210                OSTaskNameGet
                0x40003510                OSQPostOpt
                0x40000840                OSTimeTick
                0x40003784                OSSemCreate
                0x40002e34                OSMutexQuery
                0x40003adc                OSSemQuery
                0x40003094                OSQDel
                0x4000069c                OSSchedLock
                0x40001404                OSFlagCreate
                0x400014a8                OSFlagDel
                0x40001748                OSFlagPend
                0x40000f50                OS_StrCopy
                0x40001e24                OSMboxCreate
                0x4000488c                OSTimeDlyResume
                0x400016a0                OSFlagNameSet
                0x40001ff8                OSMboxPend
                0x4000447c                OSTaskStkChk
                0x40002c78                OSMutexPost
                0x40001de0                OSMboxAccept
                0x40000538                OSInit
                0x40004658                OSTaskQuery
                0x40000abc                OS_EventTO
                0x400036d8                OS_QInit
                0x40000f88                OS_StrLen
                0x400024dc                OSMemNameSet
                0x400021a4                OSMboxPostOpt
                0x400015f8                OSFlagNameGet
                0x40004964                OSTimeGet
                0x40003b78                OSSemSet
                0x40003804                OSSemDel
                0x40001ea0                OSMboxDel
                0x4000095c                OSVersion
                0x400046f0                OS_TaskStkClr
                0x40000b20                OS_EventWaitListInit
                0x40004558                OSTaskSuspend
                0x40000fb4                OS_TaskIdle
                0x4000361c                OSQQuery
 .text          0x400049b4      0x100 ./../ports/bsp.o
                0x400049e4                timer_init
                0x400049d0                OSTickISR
                0x400049b4                BSP_init
                0x40004a8c                OS_CPU_IRQ_ISR_Handler
 .text          0x40004ab4      0x260 ./../ports/drivers/exceptions.o
                0x40004ad4                __HaltSwi
                0x40004ab4                __HaltUndef
                0x40004b74                __HaltVICerr
                0x40004b54                __HaltIrq
                0x40004b14                __HaltDabort
                0x40004cd4                __HaltExit
                0x40004af4                __HaltPabort
                0x40004b34                __HaltFiq
 .text          0x40004d14      0x174 ./../ports/drivers/vic.o
                0x40004e00                VIC_setup
                0x40004d14                VIC_init
 .text          0x40004e88      0x1bc ./../ports/drivers/buzzer.o
                0x40004e88                buzzer_init
                0x40004eb4                beep
                0x40004f70                buzzer_put
 .text          0x40005044       0xa0 ./../ports/drivers/leds.o
                0x40005084                LED_put
                0x40005044                LED_init
 .text          0x400050e4       0x90 ./../ports/drivers/pll.o
                0x400050e4                PLL_init
 .text          0x40005174      0x260 ./../ports/drivers/uart.o
                0x400052e8                UART_get
                0x40005270                UART_putbin
                0x400051e0                UART_put
                0x40005248                UART_putchar
                0x400052e0                UART_puthex
                0x40005174                UART_init
                0x400052d8                UART_putint
 .text          0x400053d4      0x130 ./../ports/drivers/delay.o
                0x400053d4                delay_us
                0x40005434                delay_ms
                0x4000549c                delay_s
 .text          0x40005504      0x350 ./../ports/drivers/lcd.o
                0x40005678                LCD_putchar
                0x40005694                LCD_putint
                0x400055d8                LCD_put
                0x40005838                LCD_writecontrol
                0x40005504                LCD_init
 .text          0x40005854      0x100 ./../ports/drivers/print.o
                0x40005854                print
                0x40005950                print_init
 .text          0x40005954      0x1ec main.o
                0x40005954                DisplayOSData
                0x40005b00                main
                0x400059cc                InitTask
 .text          0x40005b40       0x48 mutex.o
                0x40005b40                MutexTask0
 .text          0x40005b88      0x344 malloc.o
                0x40005bd0                update_heap_size
                0x40005c10                malloc
                0x40005e88                _sbrk
                0x40005b88                init_malloc
                0x40005cd0                free
 .text          0x40005ecc       0x98 /cygdrive/c/Program Files/ARMDevEnv/bin/../lib/gcc-lib/arm-thumb-elf/3.3.2/libgcc.a(_udivsi3.o)
                0x40005ecc                __udivsi3
 .text          0x40005f64       0xc0 /cygdrive/c/Program Files/ARMDevEnv/bin/../lib/gcc-lib/arm-thumb-elf/3.3.2/libgcc.a(_umodsi3.o)
                0x40005f64                __umodsi3
 .text          0x40006024        0x4 /cygdrive/c/Program Files/ARMDevEnv/bin/../lib/gcc-lib/arm-thumb-elf/3.3.2/libgcc.a(_dvmd_tls.o)
                0x40006024                __div0
 *(.text.*)
 *(.stub)
 *(.gnu.warning)
 *(.gnu.linkonce.t*)
 *(.glue_7 .glue_7t)
 *(.init.crt_i_begin)
 *(.init)
 *(.init.crt_end_n)
 *(.fini.crt_i_begin)
 *(.fini)
 *(.fini.crt_end_n)
                0x40006028                . = ALIGN (0x4)
                0x40006028                __text_end = .

.vectors        0x40006028        0x0 load address 0x00000000
                0x40006028                __vectors_start = .
 *(.vectors)
                0x40006028                . = ALIGN (0x4)
                0x40006028                __vectors_end = .
                0x00000000                __vectors_load_addr = LOADADDR (.vectors)

.rodata         0x40006028      0x474
 *(.rodata)
 .rodata        0x40006028        0x2 ./../ports/os_dbg.o
                0x40006028                OSDebugEn
 .rodata        0x4000602a      0x108 ./../uc-source/ucos_ii.o
                0x4000602a                OSMapTbl
                0x40006032                OSUnMapTbl
 *all.rodata*(*)
 *(.roda)
 *(.rodata.*)
 *fill*         0x40006132        0x2 00
 .rodata.str1.4
                0x40006134       0x1e ./../uc-source/ucos_ii.o
                                 0x20 (size before relaxing)
 *fill*         0x40006152        0x2 00
 .rodata.str1.4
                0x40006154      0x218 ./../ports/drivers/exceptions.o
 .rodata.str1.4
                0x4000636c      0x119 main.o
                                0x120 (size before relaxing)
 *fill*         0x40006485        0x3 00
 .rodata.str1.4
                0x40006488       0x14 mutex.o
 *(.gnu.linkonce.r*)
 *(.ctors.crt_i_begin)
 *(SORT(.ctors))
 *(.ctors.crt_end_n)
 *(.dtors.crt_i_begin)
 *(SORT(.dtors))
 *(.dtors.crt_end_n)
                0x4000649c                . = ALIGN (0x4)

.eh_frame       0x4000649c        0x0
 *(.eh_frame)
                0x4000649c                . = ALIGN (0x4)

.gcc_except_table
                0x4000649c        0x0
 *(.gcc_except_table)
                0x4000649c                . = ALIGN (0x4)
                0x4000649c                __ro_end = .

.data           0x4000649c       0x1c
                0x4000649c                __data_beg__ = .
                0x4000649c                __data_beg_src__ = __ro_end
 *(.data)
 .data          0x4000649c       0x10 ./../ports/drivers/uart.o
 .data          0x400064ac        0xc ./../ports/drivers/lcd.o
 *(.data.*)
 *(.gnu.linkonce.d*)
                0x400064b8                . = ALIGN (0x4)
                0x400064b8                __data_end__ = .

.bss            0x400064c0     0x2464
                0x400064c0                __bss_beg__ = .
 *(.bss)
 *(.dynbss)
 *(.gnu.linkonce.b*)
 *(COMMON)
 COMMON         0x400064c0     0x1c24 ./../uc-source/ucos_ii.o
                                  0x0 (size before relaxing)
                0x400064c0                OSLockNesting
                0x400064c8                OSRunning
                0x400064e0                OSIdleCtr
                0x400064e8                OSPrioHighRdy
                0x40006500                OSFlagTbl
                0x400065e0                OSPrioCur
                0x40006600                OSTCBList
                0x40006620                OSMemTbl
                0x40006728                OSTickStepState
                0x40006740                OSTaskStatStk
                0x40006940                OSCtxSwCtr
                0x40006960                OSIdleCtrMax
                0x40006980                OSTCBFreeList
                0x40006988                OSCPUUsage
                0x40006990                OSTaskCtr
                0x400069a0                OSMemFreeList
                0x400069c0                OSQTbl
                0x40006a20                OSTCBHighRdy
                0x40006a40                OSQFreeList
                0x40006a48                OSRdyGrp
                0x40006a50                OSRdyTbl
                0x40006a60                OSEventFreeList
                0x40006a68                OSIntNesting
                0x40006a80                OSTCBCur
                0x40006aa0                OSTime
                0x40006ac0                OSTaskIdleStk
                0x40006cc0                OSEventTbl
                0x40006ea0                OSTCBTbl
                0x40007fc0                OSFlagFreeList
                0x40007fc8                OSStatRdy
                0x40007fe0                OSTCBPrioTbl
                0x400080e0                OSIdleCtrRun
 *fill*         0x400080e4       0x1c 00
 COMMON         0x40008100      0x7d0 main.o
                                  0x0 (size before relaxing)
                0x40008100                InitTaskStk
 *fill*         0x400088d0       0x10 00
 COMMON         0x400088e0       0x44 malloc.o
                                  0x0 (size before relaxing)
                0x400088e0                free_memory_blocks
                0x40008900                global_stack_ptr
                0x40008920                heap_end
                0x40008924                . = ALIGN (0x4)
                0x40008924                . = ALIGN (0x4)
                0x40008924                _end = .
                0x40008924                _bss_end__ = .
                0x40008924                __bss_end__ = .
                0x40008924                __end__ = .
                0x40008924                PROVIDE (end, .)

.stab
 *(.stab)

.stabstr
 *(.stabstr)

.stab.excl
 *(.stab.excl)

.stab.exclstr
 *(.stab.exclstr)

.stab.index
 *(.stab.index)

.stab.indexstr
 *(.stab.indexstr)

.comment        0x00000000      0x120
 *(.comment)
 .comment       0x00000000       0x12 ./../ports/os_cpu_c.o
 .comment       0x00000012       0x12 ./../ports/os_dbg.o
 .comment       0x00000024       0x12 ./../uc-source/ucos_ii.o
 .comment       0x00000036       0x12 ./../ports/bsp.o
 .comment       0x00000048       0x12 ./../ports/drivers/exceptions.o
 .comment       0x0000005a       0x12 ./../ports/drivers/vic.o
 .comment       0x0000006c       0x12 ./../ports/drivers/buzzer.o
 .comment       0x0000007e       0x12 ./../ports/drivers/leds.o
 .comment       0x00000090       0x12 ./../ports/drivers/pll.o
 .comment       0x000000a2       0x12 ./../ports/drivers/uart.o
 .comment       0x000000b4       0x12 ./../ports/drivers/delay.o
 .comment       0x000000c6       0x12 ./../ports/drivers/lcd.o
 .comment       0x000000d8       0x12 ./../ports/drivers/print.o
 .comment       0x000000ea       0x12 main.o
 .comment       0x000000fc       0x12 mutex.o
 .comment       0x0000010e       0x12 malloc.o

.debug
 *(.debug)

.line
 *(.line)

.debug_srcinfo
 *(.debug_srcinfo)

.debug_sfnames
 *(.debug_sfnames)

.debug_aranges  0x00000000      0x288
 *(.debug_aranges)
 .debug_aranges
                0x00000000       0x28 crt0.o
 .debug_aranges
                0x00000028       0x20 ./../ports/os_cpu_a.o
 .debug_aranges
                0x00000048       0x20 ./../ports/os_cpu_c.o
 .debug_aranges
                0x00000068       0x20 ./../uc-source/ucos_ii.o
 .debug_aranges
                0x00000088       0x20 ./../ports/bsp.o
 .debug_aranges
                0x000000a8       0x20 ./../ports/drivers/exceptions.o
 .debug_aranges
                0x000000c8       0x20 ./../ports/drivers/vic.o
 .debug_aranges
                0x000000e8       0x20 ./../ports/drivers/buzzer.o
 .debug_aranges
                0x00000108       0x20 ./../ports/drivers/leds.o
 .debug_aranges
                0x00000128       0x20 ./../ports/drivers/pll.o
 .debug_aranges
                0x00000148       0x20 ./../ports/drivers/uart.o
 .debug_aranges
                0x00000168       0x20 ./../ports/drivers/delay.o
 .debug_aranges
                0x00000188       0x20 ./../ports/drivers/lcd.o
 .debug_aranges
                0x000001a8       0x20 ./../ports/drivers/print.o
 .debug_aranges
                0x000001c8       0x20 main.o
 .debug_aranges
                0x000001e8       0x20 mutex.o
 .debug_aranges
                0x00000208       0x20 malloc.o
 .debug_aranges
                0x00000228       0x20 /cygdrive/c/Program Files/ARMDevEnv/bin/../lib/gcc-lib/arm-thumb-elf/3.3.2/libgcc.a(_udivsi3.o)
 .debug_aranges
                0x00000248       0x20 /cygdrive/c/Program Files/ARMDevEnv/bin/../lib/gcc-lib/arm-thumb-elf/3.3.2/libgcc.a(_umodsi3.o)
 .debug_aranges
                0x00000268       0x20 /cygdrive/c/Program Files/ARMDevEnv/bin/../lib/gcc-lib/arm-thumb-elf/3.3.2/libgcc.a(_dvmd_tls.o)

.debug_pubnames
                0x00000000      0xc75
 *(.debug_pubnames)
 .debug_pubnames
                0x00000000       0xcd ./../ports/os_cpu_c.o
 .debug_pubnames
                0x000000cd       0x20 ./../ports/os_dbg.o
 .debug_pubnames
                0x000000ed      0x7bc ./../uc-source/ucos_ii.o
 .debug_pubnames
                0x000008a9       0x57 ./../ports/bsp.o
 .debug_pubnames
                0x00000900       0x8e ./../ports/drivers/exceptions.o
 .debug_pubnames
                0x0000098e       0x2d ./../ports/drivers/vic.o
 .debug_pubnames
                0x000009bb       0x3a ./../ports/drivers/buzzer.o
 .debug_pubnames
                0x000009f5       0x2b ./../ports/drivers/leds.o
 .debug_pubnames
                0x00000a20       0x1f ./../ports/drivers/pll.o
 .debug_pubnames
                0x00000a3f       0x7b ./../ports/drivers/uart.o
 .debug_pubnames
                0x00000aba       0x38 ./../ports/drivers/delay.o
 .debug_pubnames
                0x00000af2       0x5f ./../ports/drivers/lcd.o
 .debug_pubnames
                0x00000b51       0x2b ./../ports/drivers/print.o
 .debug_pubnames
                0x00000b7c       0x4a main.o
 .debug_pubnames
                0x00000bc6       0x21 mutex.o
 .debug_pubnames
                0x00000be7       0x8e malloc.o

.debug_info     0x00000000     0x5905
 *(.debug_info)
 .debug_info    0x00000000       0x49 crt0.o
 .debug_info    0x00000049       0x60 ./../ports/os_cpu_a.o
 .debug_info    0x000000a9      0x870 ./../ports/os_cpu_c.o
 .debug_info    0x00000919      0x730 ./../ports/os_dbg.o
 .debug_info    0x00001049     0x2644 ./../uc-source/ucos_ii.o
 .debug_info    0x0000368d      0x791 ./../ports/bsp.o
 .debug_info    0x00003e1e       0xde ./../ports/drivers/exceptions.o
 .debug_info    0x00003efc       0xa5 ./../ports/drivers/vic.o
 .debug_info    0x00003fa1       0xc9 ./../ports/drivers/buzzer.o
 .debug_info    0x0000406a       0x82 ./../ports/drivers/leds.o
 .debug_info    0x000040ec       0x4b ./../ports/drivers/pll.o
 .debug_info    0x00004137      0x205 ./../ports/drivers/uart.o
 .debug_info    0x0000433c       0xd6 ./../ports/drivers/delay.o
 .debug_info    0x00004412      0x1d0 ./../ports/drivers/lcd.o
 .debug_info    0x000045e2       0xbc ./../ports/drivers/print.o
 .debug_info    0x0000469e      0x7ac main.o
 .debug_info    0x00004e4a      0x754 mutex.o
 .debug_info    0x0000559e      0x21d malloc.o
 .debug_info    0x000057bb       0x6e /cygdrive/c/Program Files/ARMDevEnv/bin/../lib/gcc-lib/arm-thumb-elf/3.3.2/libgcc.a(_udivsi3.o)
 .debug_info    0x00005829       0x6e /cygdrive/c/Program Files/ARMDevEnv/bin/../lib/gcc-lib/arm-thumb-elf/3.3.2/libgcc.a(_umodsi3.o)
 .debug_info    0x00005897       0x6e /cygdrive/c/Program Files/ARMDevEnv/bin/../lib/gcc-lib/arm-thumb-elf/3.3.2/libgcc.a(_dvmd_tls.o)

.debug_abbrev   0x00000000      0xe01
 *(.debug_abbrev)
 .debug_abbrev  0x00000000       0x10 crt0.o
 .debug_abbrev  0x00000010       0x14 ./../ports/os_cpu_a.o
 .debug_abbrev  0x00000024      0x139 ./../ports/os_cpu_c.o
 .debug_abbrev  0x0000015d       0xba ./../ports/os_dbg.o
 .debug_abbrev  0x00000217      0x261 ./../uc-source/ucos_ii.o
 .debug_abbrev  0x00000478       0xe2 ./../ports/bsp.o
 .debug_abbrev  0x0000055a       0x65 ./../ports/drivers/exceptions.o
 .debug_abbrev  0x000005bf       0x72 ./../ports/drivers/vic.o
 .debug_abbrev  0x00000631       0x88 ./../ports/drivers/buzzer.o
 .debug_abbrev  0x000006b9       0x81 ./../ports/drivers/leds.o
 .debug_abbrev  0x0000073a       0x41 ./../ports/drivers/pll.o
 .debug_abbrev  0x0000077b       0xfa ./../ports/drivers/uart.o
 .debug_abbrev  0x00000875       0x88 ./../ports/drivers/delay.o
 .debug_abbrev  0x000008fd       0xeb ./../ports/drivers/lcd.o
 .debug_abbrev  0x000009e8       0xa5 ./../ports/drivers/print.o
 .debug_abbrev  0x00000a8d      0x12a main.o
 .debug_abbrev  0x00000bb7       0xd5 mutex.o
 .debug_abbrev  0x00000c8c      0x139 malloc.o
 .debug_abbrev  0x00000dc5       0x14 /cygdrive/c/Program Files/ARMDevEnv/bin/../lib/gcc-lib/arm-thumb-elf/3.3.2/libgcc.a(_udivsi3.o)
 .debug_abbrev  0x00000dd9       0x14 /cygdrive/c/Program Files/ARMDevEnv/bin/../lib/gcc-lib/arm-thumb-elf/3.3.2/libgcc.a(_umodsi3.o)
 .debug_abbrev  0x00000ded       0x14 /cygdrive/c/Program Files/ARMDevEnv/bin/../lib/gcc-lib/arm-thumb-elf/3.3.2/libgcc.a(_dvmd_tls.o)

.debug_line     0x00000000     0x1b5a
 *(.debug_line)
 .debug_line    0x00000000       0x92 crt0.o
 .debug_line    0x00000092       0x96 ./../ports/os_cpu_a.o
 .debug_line    0x00000128       0xbb ./../ports/os_cpu_c.o
 .debug_line    0x000001e3       0x61 ./../ports/os_dbg.o
 .debug_line    0x00000244     0x105d ./../uc-source/ucos_ii.o
 .debug_line    0x000012a1       0xb7 ./../ports/bsp.o
 .debug_line    0x00001358       0x9f ./../ports/drivers/exceptions.o
 .debug_line    0x000013f7       0x71 ./../ports/drivers/vic.o
 .debug_line    0x00001468       0x64 ./../ports/drivers/buzzer.o
 .debug_line    0x000014cc       0x61 ./../ports/drivers/leds.o
 .debug_line    0x0000152d       0x56 ./../ports/drivers/pll.o
 .debug_line    0x00001583       0xa7 ./../ports/drivers/uart.o
 .debug_line    0x0000162a       0x5d ./../ports/drivers/delay.o
 .debug_line    0x00001687       0xb1 ./../ports/drivers/lcd.o
 .debug_line    0x00001738       0xc0 ./../ports/drivers/print.o
 .debug_line    0x000017f8       0xc1 main.o
 .debug_line    0x000018b9       0x8e mutex.o
 .debug_line    0x00001947       0xe6 malloc.o
 .debug_line    0x00001a2d       0x68 /cygdrive/c/Program Files/ARMDevEnv/bin/../lib/gcc-lib/arm-thumb-elf/3.3.2/libgcc.a(_udivsi3.o)
 .debug_line    0x00001a95       0x68 /cygdrive/c/Program Files/ARMDevEnv/bin/../lib/gcc-lib/arm-thumb-elf/3.3.2/libgcc.a(_umodsi3.o)
 .debug_line    0x00001afd       0x5d /cygdrive/c/Program Files/ARMDevEnv/bin/../lib/gcc-lib/arm-thumb-elf/3.3.2/libgcc.a(_dvmd_tls.o)

.debug_frame    0x00000000     0x135c
 *(.debug_frame)
 .debug_frame   0x00000000       0xb8 ./../ports/os_cpu_c.o
 .debug_frame   0x000000b8      0xcf4 ./../uc-source/ucos_ii.o
 .debug_frame   0x00000dac       0x80 ./../ports/bsp.o
 .debug_frame   0x00000e2c      0x110 ./../ports/drivers/exceptions.o
 .debug_frame   0x00000f3c       0x38 ./../ports/drivers/vic.o
 .debug_frame   0x00000f74       0x48 ./../ports/drivers/buzzer.o
 .debug_frame   0x00000fbc       0x38 ./../ports/drivers/leds.o
 .debug_frame   0x00000ff4       0x20 ./../ports/drivers/pll.o
 .debug_frame   0x00001014       0xb8 ./../ports/drivers/uart.o
 .debug_frame   0x000010cc       0x4c ./../ports/drivers/delay.o
 .debug_frame   0x00001118       0xc8 ./../ports/drivers/lcd.o
 .debug_frame   0x000011e0       0x4c ./../ports/drivers/print.o
 .debug_frame   0x0000122c       0x74 main.o
 .debug_frame   0x000012a0       0x30 mutex.o
 .debug_frame   0x000012d0       0x8c malloc.o

.debug_str      0x00000000     0x1182
 *(.debug_str)
 .debug_str     0x00000000      0x586 ./../ports/os_cpu_c.o
                                0x5a4 (size before relaxing)
 .debug_str     0x00000586       0x1c ./../ports/os_dbg.o
                                0x504 (size before relaxing)
 .debug_str     0x000005a2      0x7e2 ./../uc-source/ucos_ii.o
                                0xcf7 (size before relaxing)
 .debug_str     0x00000d84       0x58 ./../ports/bsp.o
                                0x540 (size before relaxing)
 .debug_str     0x00000ddc       0x94 ./../ports/drivers/exceptions.o
                                 0xa8 (size before relaxing)
 .debug_str     0x00000e70       0x45 ./../ports/drivers/vic.o
                                 0x88 (size before relaxing)
 .debug_str     0x00000eb5       0x38 ./../ports/drivers/buzzer.o
                                 0x6d (size before relaxing)
 .debug_str     0x00000eed       0x2f ./../ports/drivers/leds.o
                                 0x6a (size before relaxing)
 .debug_str     0x00000f1c       0x1d ./../ports/drivers/pll.o
                                 0x45 (size before relaxing)
 .debug_str     0x00000f39       0x8f ./../ports/drivers/uart.o
                                 0xf0 (size before relaxing)
 .debug_str     0x00000fc8       0x30 ./../ports/drivers/delay.o
                                 0x6a (size before relaxing)
 .debug_str     0x00000ff8       0x6b ./../ports/drivers/lcd.o
                                 0xd5 (size before relaxing)
 .debug_str     0x00001063       0x48 ./../ports/drivers/print.o
                                 0x7d (size before relaxing)
 .debug_str     0x000010ab       0x35 main.o
                                0x525 (size before relaxing)
 .debug_str     0x000010e0       0x13 mutex.o
                                0x509 (size before relaxing)
 .debug_str     0x000010f3       0x8f malloc.o
                                0x103 (size before relaxing)

.debug_loc
 *(.debug_loc)

.debug_macinfo
 *(.debug_macinfo)

.debug_weaknames
 *(.debug_weaknames)

.debug_funcnames
 *(.debug_funcnames)

.debug_typenames
 *(.debug_typenames)

.debug_varnames
 *(.debug_varnames)
LOAD ./../ports/os_cpu_a.o
LOAD ./../ports/os_cpu_c.o
LOAD ./../ports/os_dbg.o
LOAD ./../uc-source/ucos_ii.o
LOAD ./../ports/bsp.o
LOAD ./../ports/drivers/exceptions.o
LOAD ./../ports/drivers/vic.o
LOAD ./../ports/drivers/buzzer.o
LOAD ./../ports/drivers/leds.o
LOAD ./../ports/drivers/pll.o
LOAD ./../ports/drivers/uart.o
LOAD ./../ports/drivers/delay.o
LOAD ./../ports/drivers/lcd.o
LOAD ./../ports/drivers/print.o
LOAD main.o
LOAD mutex.o
LOAD malloc.o
LOAD /cygdrive/c/Program Files/ARMDevEnv/bin/../lib/gcc-lib/arm-thumb-elf/3.3.2/libgcc.a
LOAD /cygdrive/c/Program Files/ARMDevEnv/bin/../lib/gcc-lib/arm-thumb-elf/3.3.2/../../../../arm-thumb-elf/lib/libc.a
LOAD /cygdrive/c/Program Files/ARMDevEnv/bin/../lib/gcc-lib/arm-thumb-elf/3.3.2/libgcc.a
OUTPUT(uCOS.elf elf32-littlearm)
